[debug] [2026-06-27T19:59:36.345Z] ----------------------------------------------------------------------
[debug] [2026-06-27T19:59:36.348Z] Command:       /usr/local/bin/node /usr/local/bin/firebase deploy --only hosting
[debug] [2026-06-27T19:59:36.349Z] CLI Version:   15.22.1
[debug] [2026-06-27T19:59:36.349Z] Platform:      linux
[debug] [2026-06-27T19:59:36.349Z] Node Version:  v22.23.0
[debug] [2026-06-27T19:59:36.350Z] Detected Agent: unknown
[debug] [2026-06-27T19:59:36.350Z] Time:          Sat Jun 27 2026 19:59:36 GMT+0000 (Coordinated Universal Time)
[debug] [2026-06-27T19:59:36.350Z] ----------------------------------------------------------------------
[debug] 
[debug] [2026-06-27T19:59:36.353Z] >>> [apiv2][query] GET https://firebase-public.firebaseio.com/cli.json [none]
[debug] [2026-06-27T19:59:41.368Z] > command requires scopes: ["email","openid","https://www.googleapis.com/auth/cloudplatformprojects.readonly","https://www.googleapis.com/auth/firebase","https://www.googleapis.com/auth/cloud-platform"]
[debug] [2026-06-27T19:59:41.413Z] Running auto auth
[debug] [2026-06-27T19:59:41.418Z] [iam] checking project gen-lang-client-0898605785 for permissions ["firebase.projects.get","firebasehosting.sites.update"]
[debug] [2026-06-27T19:59:41.418Z] No OAuth tokens found
[debug] [2026-06-27T19:59:41.419Z] >>> [apiv2][query] POST https://cloudresourcemanager.googleapis.com/v1/projects/gen-lang-client-0898605785:testIamPermissions [none]
[debug] [2026-06-27T19:59:41.419Z] >>> [apiv2][(partial)header] POST https://cloudresourcemanager.googleapis.com/v1/projects/gen-lang-client-0898605785:testIamPermissions  x-goog-user-project=gen-lang-client-0898605785
[debug] [2026-06-27T19:59:41.419Z] >>> [apiv2][body] POST https://cloudresourcemanager.googleapis.com/v1/projects/gen-lang-client-0898605785:testIamPermissions {"permissions":["firebase.projects.get","firebasehosting.sites.update"]}
[debug] [2026-06-27T19:59:41.481Z] <<< [apiv2][status] GET https://firebase-public.firebaseio.com/cli.json 200
[debug] [2026-06-27T19:59:41.482Z] <<< [apiv2][body] GET https://firebase-public.firebaseio.com/cli.json {"cloudBuildErrorAfter":1594252800000,"cloudBuildWarnAfter":1590019200000,"defaultNode10After":1594252800000,"minVersion":"3.0.5","node8DeploysDisabledAfter":1613390400000,"node8RuntimeDisabledAfter":1615809600000,"node8WarnAfter":1600128000000}
[debug] [2026-06-27T19:59:41.553Z] [iam] error while checking permissions, command may fail: FetchError: Invalid response body while trying to fetch https://cloudresourcemanager.googleapis.com/v1/projects/gen-lang-client-0898605785:testIamPermissions: Premature close
[debug] [2026-06-27T19:59:41.554Z] No OAuth tokens found
[debug] [2026-06-27T19:59:41.554Z] >>> [apiv2][query] GET https://firebase.googleapis.com/v1beta1/projects/gen-lang-client-0898605785 [none]
[debug] [2026-06-27T19:59:41.609Z] FetchError: Invalid response body while trying to fetch https://firebase.googleapis.com/v1beta1/projects/gen-lang-client-0898605785: Premature close
[error] 
[error] Error: Assertion failed: resolving hosting target of a site with no site name or target name. This should have caused an error earlier
